../MbMux/mbmuxif_sys.c:119:8:MBMUXIF_SystemInit	112	static
../MbMux/mbmuxif_sys.c:172:10:MBMUXIF_GetCpusSynchroFlag	8	static
../MbMux/mbmuxif_sys.c:180:19:MBMUXIF_GetSystemFeatureNotifComPtr	24	static
../MbMux/mbmuxif_sys.c:196:6:MBMUXIF_SystemSendNotif	16	static
../MbMux/mbmuxif_sys.c:214:6:MBMUXIF_SystemSendNotif_NoWait	16	static
../MbMux/mbmuxif_sys.c:228:6:MBMUXIF_SystemSendResp	16	static
../MbMux/mbmuxif_sys.c:247:9:MBMUXIF_ChipRevId	16	static
../MbMux/mbmuxif_sys.c:261:13:MBMUXIF_IsrSystemAckRcvCb	16	static
../MbMux/mbmuxif_sys.c:272:13:MBMUXIF_IsrSystemCmdRcvCb	16	static
../MbMux/mbmuxif_sys.c:303:13:MBMUXIF_TaskSystemCmdRcv	16	static
../MbMux/mbmuxif_sys.c:324:13:MBMUXIF_IsrSystemPrioAAckRcvCb	16	static
../MbMux/mbmuxif_sys.c:331:13:MBMUXIF_IsrSystemPrioACmdRcvCb	16	static
../MbMux/mbmuxif_sys.c:338:13:MBMUXIF_IsrSystemPrioBAckRcvCb	16	static
../MbMux/mbmuxif_sys.c:345:13:MBMUXIF_IsrSystemPrioBCmdRcvCb	16	static
../MbMux/mbmuxif_sys.c:352:15:MBMUXIF_FeatureCm0plusRegistrationCmd	32	static
