../SubGHz_Phy/Logic/mac_state_machine_c3.c:50:6:MAC_Init	24	static
../SubGHz_Phy/Logic/mac_state_machine_c3.c:73:16:MAC_OnSlotOpportunity	40	static
../SubGHz_Phy/Logic/mac_state_machine_c3.c:112:6:MAC_OnSyncPacketReceived	16	static
../SubGHz_Phy/Logic/mac_state_machine_c3.c:119:6:MAC_OnBeaconReceived	24	static
../SubGHz_Phy/Logic/mac_state_machine_c3.c:129:6:MAC_OnExternalSyncAcquired	16	static
../SubGHz_Phy/Logic/mac_state_machine_c3.c:134:23:MAC_GetState	8	static
../SubGHz_Phy/Logic/mac_state_machine_c3.c:135:23:MAC_GetClockState	8	static
../SubGHz_Phy/Logic/mac_state_machine_c3.c:136:23:MAC_GetCellEligibilityMask_Uplink	8	static
../SubGHz_Phy/Logic/mac_state_machine_c3.c:137:23:MAC_GetCellEligibilityMask_Downlink	8	static
../SubGHz_Phy/Logic/mac_state_machine_c3.c:138:23:MAC_GetPhaseTxFlag	8	static
../SubGHz_Phy/Logic/mac_state_machine_c3.c:139:23:MAC_GetSyncPhaseMs	8	static
../SubGHz_Phy/Logic/mac_state_machine_c3.c:140:23:MAC_GetSyncPhaseEpochMs	8	static
../SubGHz_Phy/Logic/mac_state_machine_c3.c:141:6:MAC_GetSyncPhaseDate	24	static
