../SubGHz_Phy/Logic/mac_state_machine_c1.c:43:17:sync_per_slot_ms	16	static
../SubGHz_Phy/Logic/mac_state_machine_c1.c:54:17:u32_abs_diff	16	static
../SubGHz_Phy/Logic/mac_state_machine_c1.c:59:13:trigger_sync_lost	8	static
../SubGHz_Phy/Logic/mac_state_machine_c1.c:71:6:MAC_Init	24	static
../SubGHz_Phy/Logic/mac_state_machine_c1.c:92:16:MAC_OnSlotOpportunity	24	static
../SubGHz_Phy/Logic/mac_state_machine_c1.c:132:6:MAC_OnSyncPacketReceived	88	static
../SubGHz_Phy/Logic/mac_state_machine_c1.c:190:6:MAC_OnBeaconReceived	24	static
../SubGHz_Phy/Logic/mac_state_machine_c1.c:205:6:MAC_OnExternalSyncAcquired	16	static
../SubGHz_Phy/Logic/mac_state_machine_c1.c:210:23:MAC_GetState	8	static
../SubGHz_Phy/Logic/mac_state_machine_c1.c:211:23:MAC_GetClockState	8	static
../SubGHz_Phy/Logic/mac_state_machine_c1.c:212:23:MAC_GetCellEligibilityMask_Uplink	8	static
../SubGHz_Phy/Logic/mac_state_machine_c1.c:213:23:MAC_GetCellEligibilityMask_Downlink	8	static
../SubGHz_Phy/Logic/mac_state_machine_c1.c:214:23:MAC_GetPhaseTxFlag	8	static
