../SubGHz_Phy/App/subghz_phy_task.c:64:13:on_tx_done	8	static
../SubGHz_Phy/App/subghz_phy_task.c:69:13:on_tx_timeout	8	static
../SubGHz_Phy/App/subghz_phy_task.c:74:13:on_rx_done	48	static
../SubGHz_Phy/App/subghz_phy_task.c:87:13:on_rx_timeout	8	static
../SubGHz_Phy/App/subghz_phy_task.c:92:13:on_rx_error	8	static
../SubGHz_Phy/App/subghz_phy_task.c:105:17:plat_get_rtc_ms	8	static
../SubGHz_Phy/App/subghz_phy_task.c:125:13:plat_program_alarm_a	80	static
../SubGHz_Phy/App/subghz_phy_task.c:149:17:plat_radio_set_channel	16	static
../SubGHz_Phy/App/subghz_phy_task.c:150:17:plat_radio_send	16	static
../SubGHz_Phy/App/subghz_phy_task.c:151:17:plat_radio_set_rx	16	static
../SubGHz_Phy/App/subghz_phy_task.c:152:17:plat_radio_sleep	8	static
../SubGHz_Phy/App/subghz_phy_task.c:156:17:plat_radio_toa	32	static
../SubGHz_Phy/App/subghz_phy_task.c:172:13:mac_hook_rtc_set	80	static
../SubGHz_Phy/App/subghz_phy_task.c:199:13:mac_hook_rtc_align_sub	40	static
../SubGHz_Phy/App/subghz_phy_task.c:209:13:mac_hook_sync_locked	8	static
../SubGHz_Phy/App/subghz_phy_task.c:214:13:mac_hook_sync_lost	8	static
../SubGHz_Phy/App/subghz_phy_task.c:233:6:HAL_RTC_AlarmAEventCallback	16	static
../SubGHz_Phy/App/subghz_phy_task.c:243:6:SubGhzPhyTask_Init	56	static
