../SubGHz_Phy/App/subghz_phy_task.c:43:13:on_tx_done	8	static
../SubGHz_Phy/App/subghz_phy_task.c:48:13:on_tx_timeout	8	static
../SubGHz_Phy/App/subghz_phy_task.c:53:13:on_rx_done	48	static
../SubGHz_Phy/App/subghz_phy_task.c:66:13:on_rx_timeout	8	static
../SubGHz_Phy/App/subghz_phy_task.c:71:13:on_rx_error	8	static
../SubGHz_Phy/App/subghz_phy_task.c:84:17:plat_get_rtc_ms	8	static
../SubGHz_Phy/App/subghz_phy_task.c:104:13:plat_program_alarm_a	80	static
../SubGHz_Phy/App/subghz_phy_task.c:128:17:plat_radio_set_channel	16	static
../SubGHz_Phy/App/subghz_phy_task.c:129:17:plat_radio_send	16	static
../SubGHz_Phy/App/subghz_phy_task.c:130:17:plat_radio_set_rx	16	static
../SubGHz_Phy/App/subghz_phy_task.c:131:17:plat_radio_sleep	8	static
../SubGHz_Phy/App/subghz_phy_task.c:135:17:plat_radio_toa	32	static
../SubGHz_Phy/App/subghz_phy_task.c:154:13:mac_hook_rtc_set	80	static
../SubGHz_Phy/App/subghz_phy_task.c:202:13:mac_hook_rtc_align_sub	48	static
../SubGHz_Phy/App/subghz_phy_task.c:231:13:mac_hook_sync_locked	8	static
../SubGHz_Phy/App/subghz_phy_task.c:236:13:mac_hook_sync_lost	8	static
../SubGHz_Phy/App/subghz_phy_task.c:255:6:HAL_RTC_AlarmAEventCallback	16	static
../SubGHz_Phy/App/subghz_phy_task.c:265:6:SubGhzPhyTask_Init	56	static
