../MbMux/mbmuxif_sys.c:119:8:MBMUXIF_SystemInit	112	static
../MbMux/mbmuxif_sys.c:165:10:MBMUXIF_GetCpusSynchroFlag	8	static
../MbMux/mbmuxif_sys.c:173:19:MBMUXIF_GetSystemFeatureNotifComPtr	24	static
../MbMux/mbmuxif_sys.c:189:6:MBMUXIF_SystemSendNotif	16	static
../MbMux/mbmuxif_sys.c:207:6:MBMUXIF_SystemSendNotif_NoWait	16	static
../MbMux/mbmuxif_sys.c:221:6:MBMUXIF_SystemSendResp	16	static
../MbMux/mbmuxif_sys.c:240:9:MBMUXIF_ChipRevId	16	static
../MbMux/mbmuxif_sys.c:254:13:MBMUXIF_IsrSystemAckRcvCb	16	static
../MbMux/mbmuxif_sys.c:265:13:MBMUXIF_IsrSystemCmdRcvCb	16	static
../MbMux/mbmuxif_sys.c:296:13:MBMUXIF_TaskSystemCmdRcv	16	static
../MbMux/mbmuxif_sys.c:317:13:MBMUXIF_IsrSystemPrioAAckRcvCb	16	static
../MbMux/mbmuxif_sys.c:324:13:MBMUXIF_IsrSystemPrioACmdRcvCb	16	static
../MbMux/mbmuxif_sys.c:331:13:MBMUXIF_IsrSystemPrioBAckRcvCb	16	static
../MbMux/mbmuxif_sys.c:338:13:MBMUXIF_IsrSystemPrioBCmdRcvCb	16	static
../MbMux/mbmuxif_sys.c:345:15:MBMUXIF_FeatureCm0plusRegistrationCmd	32	static
