../MbMux/mbmuxif_sys.c:548:13:MBMUXIF_IsrSystemPrioARespRcvCb	0	static
../MbMux/mbmuxif_sys.c:537:13:MBMUXIF_TaskSystemNotifRcv	0	static
../MbMux/mbmuxif_sys.c:525:13:MBMUXIF_IsrSystemNotifRcvCb	0	static
../MbMux/mbmuxif_sys.c:508:13:MBMUXIF_IsrSystemRespRcvCb	0	static
../MbMux/mbmuxif_sys.c:568:13:MBMUXIF_IsrSystemPrioBRespRcvCb	0	static
../MbMux/mbmuxif_sys.c:575:13:MBMUXIF_IsrSystemPrioBNotifRcvCb	0	static
../MbMux/mbmuxif_sys.c:125:8:MBMUXIF_SystemInit	24	static
../MbMux/mbmuxif_sys.c:312:6:MBMUXIF_SetCpusSynchroFlag	0	static
../MbMux/mbmuxif_sys.c:320:6:MBMUXIF_WaitCm0MbmuxIsInitialized	0	static
../MbMux/mbmuxif_sys.c:330:19:MBMUXIF_GetSystemFeatureCmdComPtr	8	static
../MbMux/mbmuxif_sys.c:343:6:MBMUXIF_SystemAllowSequencerForSysCmd	0	static
../MbMux/mbmuxif_sys.c:351:6:MBMUXIF_SystemSendCmd	8	static
../MbMux/mbmuxif_sys.c:389:6:MBMUXIF_SystemSendAck	8	static
../MbMux/mbmuxif_sys.c:555:13:MBMUXIF_IsrSystemPrioANotifRcvCb	8	static
../MbMux/mbmuxif_sys.c:408:19:MBMUXIF_SystemSendCm0plusInfoListReq	8	static
../MbMux/mbmuxif_sys.c:434:20:MBMUXIF_SystemGetFeatCapabInfoPtr	16	static
../MbMux/mbmuxif_sys.c:474:8:MBMUXIF_SystemSendCm0plusRegistrationCmd	16	static
../MbMux/mbmuxif_sys.c:253:8:MBMUXIF_SystemPrio_Add	16	static
