C:/Users/Simon/Desktop/ArcLoram/ArcLoRaM_Base/Utilities/misc/stm32_systime.c:444:17:CalendarDiv61	8	static
C:/Users/Simon/Desktop/ArcLoram/ArcLoRaM_Base/Utilities/misc/stm32_systime.c:199:11:SysTimeAdd	16	static
C:/Users/Simon/Desktop/ArcLoram/ArcLoRaM_Base/Utilities/misc/stm32_systime.c:213:11:SysTimeSub	16	static
C:/Users/Simon/Desktop/ArcLoram/ArcLoRaM_Base/Utilities/misc/stm32_systime.c:227:6:SysTimeSet	32	static
C:/Users/Simon/Desktop/ArcLoram/ArcLoRaM_Base/Utilities/misc/stm32_systime.c:242:11:SysTimeGet	32	static
C:/Users/Simon/Desktop/ArcLoram/ArcLoRaM_Base/Utilities/misc/stm32_systime.c:259:11:SysTimeGetMcuTime	24	static
C:/Users/Simon/Desktop/ArcLoram/ArcLoRaM_Base/Utilities/misc/stm32_systime.c:268:10:SysTimeToMs	24	static
C:/Users/Simon/Desktop/ArcLoram/ArcLoRaM_Base/Utilities/misc/stm32_systime.c:278:11:SysTimeFromMs	32	static
C:/Users/Simon/Desktop/ArcLoram/ArcLoRaM_Base/Utilities/misc/stm32_systime.c:289:10:SysTimeMkTime	40	static
C:/Users/Simon/Desktop/ArcLoram/ArcLoRaM_Base/Utilities/misc/stm32_systime.c:318:6:SysTimeLocalTime	48	static
