../Core/Src/timer_if.c:108:21:TIMER_IF_Init	16	static
../Core/Src/timer_if.c:126:21:TIMER_IF_StartTimer	48	static
../Core/Src/timer_if.c:150:21:TIMER_IF_StopTimer	16	static
../Core/Src/timer_if.c:161:10:TIMER_IF_SetTimerContext	8	static
../Core/Src/timer_if.c:171:10:TIMER_IF_GetTimerContext	8	static
../Core/Src/timer_if.c:181:10:TIMER_IF_GetTimerElapsedTime	16	static
../Core/Src/timer_if.c:190:10:TIMER_IF_GetTimerValue	16	static
../Core/Src/timer_if.c:199:10:TIMER_IF_GetMinimumTimeout	16	static
../Core/Src/timer_if.c:208:10:TIMER_IF_Convert_ms2Tick	24	static
../Core/Src/timer_if.c:217:10:TIMER_IF_Convert_Tick2ms	24	static
../Core/Src/timer_if.c:226:6:TIMER_IF_DelayMs	24	static,ignoring_inline_asm
../Core/Src/timer_if.c:238:10:TIMER_IF_GetTime	88	static
../Core/Src/timer_if.c:267:6:TIMER_IF_BkUp_Write_Seconds	16	static
../Core/Src/timer_if.c:274:6:TIMER_IF_BkUp_Write_SubSeconds	16	static
../Core/Src/timer_if.c:281:10:TIMER_IF_BkUp_Read_Seconds	16	static
../Core/Src/timer_if.c:290:10:TIMER_IF_BkUp_Read_SubSeconds	16	static
../Core/Src/timer_if.c:300:6:HAL_RTCEx_WakeUpTimerEventCallback	16	static
../Core/Src/timer_if.c:308:24:GetTimerTicks	48	static
